// Jest Snapshot v1, https://goo.gl/fbAQLP

exports[`Content properly shows given text 1`] = `
<p
  className="App-intro"
>
  Testing content component text
</p>
`;
